
floader.abs:     file format elf32-littletc32
floader.abs
architecture: tc32, flags 0x00000112:
EXEC_P, HAS_SYMS, D_PAGED
start address 0x00000000

Program Header:
    LOAD off    0x00008000 vaddr 0x00000000 paddr 0x00000000 align 2**15
         filesz 0x000007a8 memsz 0x000007a8 flags r-x
    LOAD off    0x00009100 vaddr 0x00841100 paddr 0x00841100 align 2**15
         filesz 0x00000000 memsz 0x00000a2c flags rw-
private flags = 0: [APCS-32] [FPA float format]

Sections:
Idx Name          Size      VMA       LMA       File off  Algn
  0 .vectors      000000a0  00000000  00000000  00008000  2**2
                  CONTENTS, ALLOC, LOAD, READONLY, CODE
  1 .ram_code     000006f0  000000a0  000000a0  000080a0  2**2
                  CONTENTS, ALLOC, LOAD, READONLY, CODE
  2 .rodata       00000018  00000790  00000790  00008790  2**2
                  CONTENTS, ALLOC, LOAD, READONLY, DATA
  3 .bss          00000a2c  00841100  00841100  00009100  2**2
                  ALLOC
  4 .comment      0000001a  00000000  00000000  000087a8  2**0
                  CONTENTS, READONLY
  5 .TC32.attributes 00000010  00000000  00000000  000087c2  2**0
                  CONTENTS, READONLY
SYMBOL TABLE:
00000000 l    d  .vectors	00000000 .vectors
000000a0 l    d  .ram_code	00000000 .ram_code
00000790 l    d  .rodata	00000000 .rodata
00841100 l    d  .bss	00000000 .bss
00000000 l    d  .comment	00000000 .comment
00000000 l    d  .TC32.attributes	00000000 .TC32.attributes
00000180 l       *ABS*	00000000 IRQ_STK_SIZE
00000074 l       .vectors	00000000 DAT0
00000036 l       .vectors	00000000 ZERO
00000040 l       .vectors	00000000 ZERO_END
00000040 l       .vectors	00000000 ZERO_TAG
00000046 l       .vectors	00000000 ZERO_TAG_BEGIN
00000050 l       .vectors	00000000 ZERO_TAG_END
00000050 l       .vectors	00000000 SETIC
00000094 l       .vectors	00000000 DATA_I
00000060 l       .vectors	00000000 COPY_DATA
0000006e l       .vectors	00000000 COPY_DATA_END
000000a0 l       .vectors	00000000 ASMEND
00000000 l    df *ABS*	00000000 main.c
00000000 l    df *ABS*	00000000 crc.c
00000000 l    df *ABS*	00000000 sleep.c
00000000 l    df *ABS*	00000000 analog.c
00000000 l    df *ABS*	00000000 flash.c
00000544 l     F .ram_code	00000040 flash_send_addr
00000584 l     F .ram_code	0000002c flash_send_cmd
000005b0 l     F .ram_code	00000044 flash_wait_done
00841b2c g       *ABS*	00000000 _end_bss_
00000698 g     F .ram_code	00000060 flash_read_page
000007a8 g       *ABS*	00000000 _bin_size_
00000750 g     F .ram_code	00000040 flash_write_status
00000020 g       .vectors	00000000 __reset
000005f4 g     F .ram_code	00000028 flash_erase_all
000007a8 g       *ABS*	00000000 _code_size_
00841100 g       .rodata	00000000 _end_data_
00841100 g     O .bss	00000004 MCU_PROD_ID
00841100 g       .bss	00000000 _start_bss_
00841104 g     O .bss	00000004 MCU_PROD__TID
0000064c g     F .ram_code	0000004c flash_write_page
00000000 g       .vectors	00000000 __start
000000a0 g     F .ram_code	0000002c flash_write_sector
00841100 g       .rodata	00000000 _start_data_
000004d8 g     F .ram_code	00000014 sleep_us
00841108 g     O .bss	00000410 utxb
00008000 g       *ABS*	00000000 __RAM_SIZE_MAX
00000008 g       *ABS*	00000000 _ramcode_size_div_256_
0000040c g     F .ram_code	00000050 crcInit
00841518 g     O .bss	00000004 MCU_PROD__ID
000000cc g     F .ram_code	00000340 main
00000518 g     F .ram_code	0000002c analog_write
000004ec g     F .ram_code	0000002c analog_read
0000045c g     F .ram_code	0000007c crcFast
00840800 g       *ABS*	00000000 _ictag_start_
0084192c g     O .bss	00000200 crcTable
00000080 g       *ABS*	00000000 _ramcode_size_div_16_
00840900 g       *ABS*	00000000 _ictag_end_
000007a8 g       *ABS*	00000000 _dstored_
0084151c g     O .bss	00000410 urxb
00840000 g       *ABS*	00000000 __RAM_START_ADDR
0000061c g     F .ram_code	00000030 flash_erase_sector
000006f8 g     F .ram_code	00000058 flash_get_jedec_id



Disassembly of section .vectors:

00000000 <__start>:
   0:	800e      	tj.n	20 <__reset>
   2:	00001234 	tandeq	r1, r0, r4, lsr r2
   6:	4e4b0000 	undefined instruction 0x4e4b0000
   a:	0080544c 	taddeq	r5, r0, ip, asr #8
   e:	80060088 	tandhi	r0, r6, r8, lsl #1
  12:	0000      	tands	r0, r0
  14:	0000      	tands	r0, r0
  16:	0000      	tands	r0, r0
  18:	000007a8 	tandeq	r0, r0, r8, lsr #15
  1c:	00000000 	tandeq	r0, r0, r0

00000020 <__reset>:
  20:	a012      	tmovs	r0, #18
  22:	6bc0      	tmcsr	r0
  24:	0813      	tloadr	r0, [pc, #76]	; (74 <DAT0>)
  26:	0685      	tmov	sp, r0
  28:	a013      	tmovs	r0, #19
  2a:	6bc0      	tmcsr	r0
  2c:	0812      	tloadr	r0, [pc, #72]	; (78 <DAT0+0x4>)
  2e:	0685      	tmov	sp, r0
  30:	a000      	tmovs	r0, #0
  32:	0912      	tloadr	r1, [pc, #72]	; (7c <DAT0+0x8>)
  34:	0a12      	tloadr	r2, [pc, #72]	; (80 <_ramcode_size_div_16_>)

00000036 <ZERO>:
  36:	0291      	tcmp	r1, r2
  38:	ca02      	tjge.n	40 <ZERO_END>
  3a:	5008      	tstorer	r0, [r1, #0]
  3c:	b104      	tadds	r1, #4
  3e:	87fa      	tj.n	36 <ZERO>

00000040 <ZERO_END>:
  40:	a000      	tmovs	r0, #0
  42:	0912      	tloadr	r1, [pc, #72]	; (8c <_ramcode_size_div_16_+0xc>)
  44:	0a12      	tloadr	r2, [pc, #72]	; (90 <_ramcode_size_div_16_+0x10>)

00000046 <ZERO_TAG_BEGIN>:
  46:	0291      	tcmp	r1, r2
  48:	ca02      	tjge.n	50 <SETIC>
  4a:	5008      	tstorer	r0, [r1, #0]
  4c:	b104      	tadds	r1, #4
  4e:	87fa      	tj.n	46 <ZERO_TAG_BEGIN>

00000050 <SETIC>:
  50:	090d      	tloadr	r1, [pc, #52]	; (88 <_ramcode_size_div_16_+0x8>)
  52:	080c      	tloadr	r0, [pc, #48]	; (84 <_ramcode_size_div_16_+0x4>)
  54:	4008      	tstorerb	r0, [r1, #0]
  56:	b001      	tadds	r0, #1
  58:	4048      	tstorerb	r0, [r1, #1]
  5a:	090e      	tloadr	r1, [pc, #56]	; (94 <DATA_I>)
  5c:	0a0e      	tloadr	r2, [pc, #56]	; (98 <DATA_I+0x4>)
  5e:	0b0f      	tloadr	r3, [pc, #60]	; (9c <DATA_I+0x8>)

00000060 <COPY_DATA>:
  60:	029a      	tcmp	r2, r3
  62:	ca04      	tjge.n	6e <COPY_DATA_END>
  64:	5808      	tloadr	r0, [r1, #0]
  66:	5010      	tstorer	r0, [r2, #0]
  68:	b104      	tadds	r1, #4
  6a:	b204      	tadds	r2, #4
  6c:	87f8      	tj.n	60 <COPY_DATA>

0000006e <COPY_DATA_END>:
  6e:	9000 982d 	tjl	cc <main>
  72:	46c0      	tnop			; (mov r8, r8)

00000074 <DAT0>:
  74:	00848000 	taddeq	r8, r4, r0
  78:	00847e80 	taddeq	r7, r4, r0, lsl #29
  7c:	00841100 	taddeq	r1, r4, r0, lsl #2
  80:	00841b2c 	taddeq	r1, r4, ip, lsr #22
  84:	00000008 	tandeq	r0, r0, r8
  88:	0080060c 	taddeq	r0, r0, ip, lsl #12
  8c:	00840800 	taddeq	r0, r4, r0, lsl #16
  90:	00840900 	taddeq	r0, r4, r0, lsl #18

00000094 <DATA_I>:
  94:	000007a8 	tandeq	r0, r0, r8, lsr #15
  98:	00841100 	taddeq	r1, r4, r0, lsl #2
  9c:	00841100 	taddeq	r1, r4, r0, lsl #2

Disassembly of section .ram_code:

000000a0 <flash_write_sector>:
flash_write_sector():
  a0:	65f0      	tpush	{r4, r5, r6, r7, lr}
  a2:	ec07      	tadds	r7, r0, #0
  a4:	ec0d      	tadds	r5, r1, #0
  a6:	ec16      	tadds	r6, r2, #0
  a8:	a900      	tcmp	r1, #0
  aa:	c00e      	tjeq.n	ca <flash_write_sector+0x2a>
  ac:	a480      	tmovs	r4, #128	; 0x80
  ae:	f064      	tshftls	r4, r4, #1
  b0:	02ac      	tcmp	r4, r5
  b2:	c900      	tjls.n	b6 <flash_write_sector+0x16>
  b4:	ec2c      	tadds	r4, r5, #0
  b6:	ec38      	tadds	r0, r7, #0
  b8:	ec21      	tadds	r1, r4, #0
  ba:	ec32      	tadds	r2, r6, #0
  bc:	9000 9ac6 	tjl	64c <flash_write_page>
  c0:	e93f      	tadds	r7, r7, r4
  c2:	e936      	tadds	r6, r6, r4
  c4:	eb2d      	tsubs	r5, r5, r4
  c6:	ad00      	tcmp	r5, #0
  c8:	c1f2      	tjne.n	b0 <flash_write_sector+0x10>
  ca:	6df0      	tpop	{r4, r5, r6, r7, pc}

000000cc <main>:
main():
  cc:	65f0      	tpush	{r4, r5, r6, r7, lr}
  ce:	065f      	tmov	r7, fp
  d0:	0656      	tmov	r6, sl
  d2:	064d      	tmov	r5, r9
  d4:	0644      	tmov	r4, r8
  d6:	64f0      	tpush	{r4, r5, r6, r7}
  d8:	a400      	tmovs	r4, #0
  da:	0bb1      	tloadr	r3, [pc, #708]	; (3a0 <IRQ_STK_SIZE+0x220>)
  dc:	401c      	tstorerb	r4, [r3, #0]
  de:	a3ff      	tmovs	r3, #255	; 0xff
  e0:	f61b      	tshftls	r3, r3, #24
  e2:	0ab0      	tloadr	r2, [pc, #704]	; (3a4 <IRQ_STK_SIZE+0x224>)
  e4:	5013      	tstorer	r3, [r2, #0]
  e6:	a301      	tmovs	r3, #1
  e8:	025b      	tnegs	r3, r3
  ea:	b204      	tadds	r2, #4
  ec:	2013      	tstorerh	r3, [r2, #0]
  ee:	a082      	tmovs	r0, #130	; 0x82
  f0:	a164      	tmovs	r1, #100	; 0x64
  f2:	9000 9a11 	tjl	518 <analog_write>
  f6:	a052      	tmovs	r0, #82	; 0x52
  f8:	a180      	tmovs	r1, #128	; 0x80
  fa:	9000 9a0d 	tjl	518 <analog_write>
  fe:	a00b      	tmovs	r0, #11
 100:	a138      	tmovs	r1, #56	; 0x38
 102:	9000 9a09 	tjl	518 <analog_write>
 106:	a08c      	tmovs	r0, #140	; 0x8c
 108:	a102      	tmovs	r1, #2
 10a:	9000 9a05 	tjl	518 <analog_write>
 10e:	a002      	tmovs	r0, #2
 110:	a1a2      	tmovs	r1, #162	; 0xa2
 112:	9000 9a01 	tjl	518 <analog_write>
 116:	0ba4      	tloadr	r3, [pc, #656]	; (3a8 <IRQ_STK_SIZE+0x228>)
 118:	401c      	tstorerb	r4, [r3, #0]
 11a:	a0c8      	tmovs	r0, #200	; 0xc8
 11c:	a180      	tmovs	r1, #128	; 0x80
 11e:	9000 99fb 	tjl	518 <analog_write>
 122:	a030      	tmovs	r0, #48	; 0x30
 124:	9000 99e2 	tjl	4ec <analog_read>
 128:	a380      	tmovs	r3, #128	; 0x80
 12a:	025b      	tnegs	r3, r3
 12c:	ec19      	tadds	r1, r3, #0
 12e:	0301      	tors	r1, r0
 130:	f609      	tshftls	r1, r1, #24
 132:	fe09      	tshftrs	r1, r1, #24
 134:	a030      	tmovs	r0, #48	; 0x30
 136:	9000 99ef 	tjl	518 <analog_write>
 13a:	a0c7      	tmovs	r0, #199	; 0xc7
 13c:	a10e      	tmovs	r1, #14
 13e:	9000 99eb 	tjl	518 <analog_write>
 142:	a0c7      	tmovs	r0, #199	; 0xc7
 144:	a10f      	tmovs	r1, #15
 146:	9000 99e7 	tjl	518 <analog_write>
 14a:	a0cf      	tmovs	r0, #207	; 0xcf
 14c:	9000 99ce 	tjl	4ec <analog_read>
 150:	f601      	tshftls	r1, r0, #24
 152:	c5fa      	tjpl.n	14a <main+0x7e>
 154:	a0cb      	tmovs	r0, #203	; 0xcb
 156:	9000 99c9 	tjl	4ec <analog_read>
 15a:	ec01      	tadds	r1, r0, #0
 15c:	a033      	tmovs	r0, #51	; 0x33
 15e:	9000 99db 	tjl	518 <analog_write>
 162:	a030      	tmovs	r0, #48	; 0x30
 164:	9000 99c2 	tjl	4ec <analog_read>
 168:	a17f      	tmovs	r1, #127	; 0x7f
 16a:	0001      	tands	r1, r0
 16c:	a030      	tmovs	r0, #48	; 0x30
 16e:	9000 99d3 	tjl	518 <analog_write>
 172:	a0c7      	tmovs	r0, #199	; 0xc7
 174:	a10e      	tmovs	r1, #14
 176:	9000 99cf 	tjl	518 <analog_write>
 17a:	a385      	tmovs	r3, #133	; 0x85
 17c:	f61b      	tshftls	r3, r3, #24
 17e:	0a89      	tloadr	r2, [pc, #548]	; (3a4 <IRQ_STK_SIZE+0x224>)
 180:	5013      	tstorer	r3, [r2, #0]
 182:	0a8a      	tloadr	r2, [pc, #552]	; (3ac <IRQ_STK_SIZE+0x22c>)
 184:	0b8a      	tloadr	r3, [pc, #552]	; (3b0 <IRQ_STK_SIZE+0x230>)
 186:	201a      	tstorerh	r2, [r3, #0]
 188:	a286      	tmovs	r2, #134	; 0x86
 18a:	b302      	tadds	r3, #2
 18c:	401a      	tstorerb	r2, [r3, #0]
 18e:	a200      	tmovs	r2, #0
 190:	b30a      	tadds	r3, #10
 192:	401a      	tstorerb	r2, [r3, #0]
 194:	a401      	tmovs	r4, #1
 196:	a201      	tmovs	r2, #1
 198:	0b86      	tloadr	r3, [pc, #536]	; (3b4 <IRQ_STK_SIZE+0x234>)
 19a:	401a      	tstorerb	r2, [r3, #0]
 19c:	9000 9936 	tjl	40c <crcInit>
 1a0:	0a85      	tloadr	r2, [pc, #532]	; (3b8 <IRQ_STK_SIZE+0x238>)
 1a2:	0b86      	tloadr	r3, [pc, #536]	; (3bc <IRQ_STK_SIZE+0x23c>)
 1a4:	501a      	tstorer	r2, [r3, #0]
 1a6:	a3b0      	tmovs	r3, #176	; 0xb0
 1a8:	f05b      	tshftls	r3, r3, #1
 1aa:	0a85      	tloadr	r2, [pc, #532]	; (3c0 <IRQ_STK_SIZE+0x240>)
 1ac:	2013      	tstorerh	r3, [r2, #0]
 1ae:	0a85      	tloadr	r2, [pc, #532]	; (3c4 <IRQ_STK_SIZE+0x244>)
 1b0:	0691      	tmov	r9, r2
 1b2:	f413      	tshftls	r3, r2, #16
 1b4:	fc1b      	tshftrs	r3, r3, #16
 1b6:	0a84      	tloadr	r2, [pc, #528]	; (3c8 <IRQ_STK_SIZE+0x248>)
 1b8:	031a      	tors	r2, r3
 1ba:	0b84      	tloadr	r3, [pc, #528]	; (3cc <IRQ_STK_SIZE+0x24c>)
 1bc:	501a      	tstorer	r2, [r3, #0]
 1be:	0b84      	tloadr	r3, [pc, #528]	; (3d0 <IRQ_STK_SIZE+0x250>)
 1c0:	0698      	tmov	r8, r3
 1c2:	f41a      	tshftls	r2, r3, #16
 1c4:	fc12      	tshftrs	r2, r2, #16
 1c6:	a382      	tmovs	r3, #130	; 0x82
 1c8:	f3db      	tshftls	r3, r3, #15
 1ca:	0313      	tors	r3, r2
 1cc:	0a81      	tloadr	r2, [pc, #516]	; (3d4 <IRQ_STK_SIZE+0x254>)
 1ce:	5013      	tstorer	r3, [r2, #0]
 1d0:	0a81      	tloadr	r2, [pc, #516]	; (3d8 <IRQ_STK_SIZE+0x258>)
 1d2:	0b82      	tloadr	r3, [pc, #520]	; (3dc <IRQ_STK_SIZE+0x25c>)
 1d4:	501a      	tstorer	r2, [r3, #0]
 1d6:	0a82      	tloadr	r2, [pc, #520]	; (3e0 <IRQ_STK_SIZE+0x260>)
 1d8:	bb20      	tsubs	r3, #32
 1da:	201a      	tstorerh	r2, [r3, #0]
 1dc:	a00e      	tmovs	r0, #14
 1de:	9000 9985 	tjl	4ec <analog_read>
 1e2:	a303      	tmovs	r3, #3
 1e4:	ec01      	tadds	r1, r0, #0
 1e6:	0399      	tbclrs	r1, r3
 1e8:	0321      	tors	r1, r4
 1ea:	f609      	tshftls	r1, r1, #24
 1ec:	fe09      	tshftrs	r1, r1, #24
 1ee:	a00e      	tmovs	r0, #14
 1f0:	9000 9992 	tjl	518 <analog_write>
 1f4:	a27e      	tmovs	r2, #126	; 0x7e
 1f6:	0b7b      	tloadr	r3, [pc, #492]	; (3e4 <IRQ_STK_SIZE+0x264>)
 1f8:	401a      	tstorerb	r2, [r3, #0]
 1fa:	bb05      	tsubs	r3, #5
 1fc:	481a      	tloadrb	r2, [r3, #0]
 1fe:	0322      	tors	r2, r4
 200:	f612      	tshftls	r2, r2, #24
 202:	fe12      	tshftrs	r2, r2, #24
 204:	401a      	tstorerb	r2, [r3, #0]
 206:	a202      	tmovs	r2, #2
 208:	b327      	tadds	r3, #39	; 0x27
 20a:	401a      	tstorerb	r2, [r3, #0]
 20c:	bb1a      	tsubs	r3, #26
 20e:	4819      	tloadrb	r1, [r3, #0]
 210:	0391      	tbclrs	r1, r2
 212:	4019      	tstorerb	r1, [r3, #0]
 214:	a0bd      	tmovs	r0, #189	; 0xbd
 216:	9000 9969 	tjl	4ec <analog_read>
 21a:	a302      	tmovs	r3, #2
 21c:	ec01      	tadds	r1, r0, #0
 21e:	0319      	tors	r1, r3
 220:	f609      	tshftls	r1, r1, #24
 222:	fe09      	tshftrs	r1, r1, #24
 224:	a0bd      	tmovs	r0, #189	; 0xbd
 226:	9000 9977 	tjl	518 <analog_write>
 22a:	a204      	tmovs	r2, #4
 22c:	0b6e      	tloadr	r3, [pc, #440]	; (3e8 <IRQ_STK_SIZE+0x268>)
 22e:	401a      	tstorerb	r2, [r3, #0]
 230:	0d6e      	tloadr	r5, [pc, #440]	; (3ec <IRQ_STK_SIZE+0x26c>)
 232:	a402      	tmovs	r4, #2
 234:	0e6e      	tloadr	r6, [pc, #440]	; (3f0 <IRQ_STK_SIZE+0x270>)
 236:	a701      	tmovs	r7, #1
 238:	06ca      	tmov	sl, r9
 23a:	a103      	tmovs	r1, #3
 23c:	068b      	tmov	fp, r1
 23e:	482b      	tloadrb	r3, [r5, #0]
 240:	0023      	tands	r3, r4
 242:	c1fc      	tjne.n	23e <IRQ_STK_SIZE+0xbe>
 244:	4832      	tloadrb	r2, [r6, #0]
 246:	0217      	tnand	r7, r2
 248:	c0f9      	tjeq.n	23e <IRQ_STK_SIZE+0xbe>
 24a:	0642      	tmov	r2, r8
 24c:	5013      	tstorer	r3, [r2, #0]
 24e:	0649      	tmov	r1, r9
 250:	580b      	tloadr	r3, [r1, #0]
 252:	ab05      	tcmp	r3, #5
 254:	c81f      	tjhi.n	296 <IRQ_STK_SIZE+0x116>
 256:	065a      	tmov	r2, fp
 258:	4032      	tstorerb	r2, [r6, #0]
 25a:	0641      	tmov	r1, r8
 25c:	580b      	tloadr	r3, [r1, #0]
 25e:	ab00      	tcmp	r3, #0
 260:	c0ed      	tjeq.n	23e <IRQ_STK_SIZE+0xbe>
 262:	0640      	tmov	r0, r8
 264:	d802      	tloadm	r0!, {r1}
 266:	9000 98f9 	tjl	45c <crcFast>
 26a:	0642      	tmov	r2, r8
 26c:	5813      	tloadr	r3, [r2, #0]
 26e:	ec1a      	tadds	r2, r3, #0
 270:	0442      	tadd	r2, r8
 272:	4110      	tstorerb	r0, [r2, #4]
 274:	b301      	tadds	r3, #1
 276:	0641      	tmov	r1, r8
 278:	500b      	tstorer	r3, [r1, #0]
 27a:	580b      	tloadr	r3, [r1, #0]
 27c:	ec1a      	tadds	r2, r3, #0
 27e:	0442      	tadd	r2, r8
 280:	fa00      	tshftrs	r0, r0, #8
 282:	4110      	tstorerb	r0, [r2, #4]
 284:	b301      	tadds	r3, #1
 286:	500b      	tstorer	r3, [r1, #0]
 288:	482b      	tloadrb	r3, [r5, #0]
 28a:	a202      	tmovs	r2, #2
 28c:	0313      	tors	r3, r2
 28e:	f61b      	tshftls	r3, r3, #24
 290:	fe1b      	tshftrs	r3, r3, #24
 292:	402b      	tstorerb	r3, [r5, #0]
 294:	87d3      	tj.n	23e <IRQ_STK_SIZE+0xbe>
 296:	0652      	tmov	r2, sl
 298:	5813      	tloadr	r3, [r2, #0]
 29a:	bb02      	tsubs	r3, #2
 29c:	5013      	tstorer	r3, [r2, #0]
 29e:	a304      	tmovs	r3, #4
 2a0:	0641      	tmov	r1, r8
 2a2:	500b      	tstorer	r3, [r1, #0]
 2a4:	5853      	tloadr	r3, [r2, #4]
 2a6:	504b      	tstorer	r3, [r1, #4]
 2a8:	5811      	tloadr	r1, [r2, #0]
 2aa:	0852      	tloadr	r0, [pc, #328]	; (3f4 <IRQ_STK_SIZE+0x274>)
 2ac:	9000 98d6 	tjl	45c <crcFast>
 2b0:	0652      	tmov	r2, sl
 2b2:	5813      	tloadr	r3, [r2, #0]
 2b4:	0453      	tadd	r3, sl
 2b6:	491a      	tloadrb	r2, [r3, #4]
 2b8:	f603      	tshftls	r3, r0, #24
 2ba:	fe1b      	tshftrs	r3, r3, #24
 2bc:	029a      	tcmp	r2, r3
 2be:	c007      	tjeq.n	2d0 <IRQ_STK_SIZE+0x150>
 2c0:	0643      	tmov	r3, r8
 2c2:	491a      	tloadrb	r2, [r3, #4]
 2c4:	a340      	tmovs	r3, #64	; 0x40
 2c6:	025b      	tnegs	r3, r3
 2c8:	0313      	tors	r3, r2
 2ca:	0641      	tmov	r1, r8
 2cc:	410b      	tstorerb	r3, [r1, #4]
 2ce:	87c2      	tj.n	256 <IRQ_STK_SIZE+0xd6>
 2d0:	0651      	tmov	r1, sl
 2d2:	580b      	tloadr	r3, [r1, #0]
 2d4:	0453      	tadd	r3, sl
 2d6:	f400      	tshftls	r0, r0, #16
 2d8:	fe00      	tshftrs	r0, r0, #24
 2da:	495b      	tloadrb	r3, [r3, #5]
 2dc:	0298      	tcmp	r0, r3
 2de:	c1ef      	tjne.n	2c0 <IRQ_STK_SIZE+0x140>
 2e0:	0652      	tmov	r2, sl
 2e2:	5850      	tloadr	r0, [r2, #4]
 2e4:	fa00      	tshftrs	r0, r0, #8
 2e6:	4913      	tloadrb	r3, [r2, #4]
 2e8:	ab05      	tcmp	r3, #5
 2ea:	c906      	tjls.n	2fa <IRQ_STK_SIZE+0x17a>
 2ec:	0641      	tmov	r1, r8
 2ee:	490a      	tloadrb	r2, [r1, #4]
 2f0:	a380      	tmovs	r3, #128	; 0x80
 2f2:	025b      	tnegs	r3, r3
 2f4:	0313      	tors	r3, r2
 2f6:	410b      	tstorerb	r3, [r1, #4]
 2f8:	87ad      	tj.n	256 <IRQ_STK_SIZE+0xd6>
 2fa:	f09b      	tshftls	r3, r3, #2
 2fc:	093e      	tloadr	r1, [pc, #248]	; (3f8 <IRQ_STK_SIZE+0x278>)
 2fe:	18cb      	tloadr	r3, [r1, r3]
 300:	069f      	tmov	pc, r3
 302:	083e      	tloadr	r0, [pc, #248]	; (3fc <IRQ_STK_SIZE+0x27c>)
 304:	9000 99f8 	tjl	6f8 <flash_get_jedec_id>
 308:	87a5      	tj.n	256 <IRQ_STK_SIZE+0xd6>
 30a:	a800      	tcmp	r0, #0
 30c:	c1ee      	tjne.n	2ec <IRQ_STK_SIZE+0x16c>
 30e:	9000 9971 	tjl	5f4 <flash_erase_all>
 312:	87a0      	tj.n	256 <IRQ_STK_SIZE+0xd6>
 314:	9000 9982 	tjl	61c <flash_erase_sector>
 318:	879d      	tj.n	256 <IRQ_STK_SIZE+0xd6>
 31a:	064a      	tmov	r2, r9
 31c:	5813      	tloadr	r3, [r2, #0]
 31e:	ab04      	tcmp	r3, #4
 320:	c005      	tjeq.n	32e <IRQ_STK_SIZE+0x1ae>
 322:	a380      	tmovs	r3, #128	; 0x80
 324:	f0db      	tshftls	r3, r3, #3
 326:	0651      	tmov	r1, sl
 328:	290a      	tloadrh	r2, [r1, #8]
 32a:	029a      	tcmp	r2, r3
 32c:	c903      	tjls.n	336 <IRQ_STK_SIZE+0x1b6>
 32e:	a380      	tmovs	r3, #128	; 0x80
 330:	f0db      	tshftls	r3, r3, #3
 332:	064a      	tmov	r2, r9
 334:	2113      	tstorerh	r3, [r2, #8]
 336:	064b      	tmov	r3, r9
 338:	2919      	tloadrh	r1, [r3, #8]
 33a:	ed0b      	tadds	r3, r1, #4
 33c:	0642      	tmov	r2, r8
 33e:	5013      	tstorer	r3, [r2, #0]
 340:	a308      	tmovs	r3, #8
 342:	ec1a      	tadds	r2, r3, #0
 344:	0442      	tadd	r2, r8
 346:	9000 99a7 	tjl	698 <flash_read_page>
 34a:	8784      	tj.n	256 <IRQ_STK_SIZE+0xd6>
 34c:	0649      	tmov	r1, r9
 34e:	580b      	tloadr	r3, [r1, #0]
 350:	ab04      	tcmp	r3, #4
 352:	c0cb      	tjeq.n	2ec <IRQ_STK_SIZE+0x16c>
 354:	0653      	tmov	r3, sl
 356:	581a      	tloadr	r2, [r3, #0]
 358:	0b29      	tloadr	r3, [pc, #164]	; (400 <IRQ_STK_SIZE+0x280>)
 35a:	029a      	tcmp	r2, r3
 35c:	c8c6      	tjhi.n	2ec <IRQ_STK_SIZE+0x16c>
 35e:	0652      	tmov	r2, sl
 360:	5811      	tloadr	r1, [r2, #0]
 362:	b904      	tsubs	r1, #4
 364:	a308      	tmovs	r3, #8
 366:	ec1a      	tadds	r2, r3, #0
 368:	0452      	tadd	r2, sl
 36a:	97ff 9e99 	tjl	a0 <flash_write_sector>
 36e:	8772      	tj.n	256 <IRQ_STK_SIZE+0xd6>
 370:	064a      	tmov	r2, r9
 372:	4953      	tloadrb	r3, [r2, #5]
 374:	ab01      	tcmp	r3, #1
 376:	c00e      	tjeq.n	396 <IRQ_STK_SIZE+0x216>
 378:	ab02      	tcmp	r3, #2
 37a:	c007      	tjeq.n	38c <IRQ_STK_SIZE+0x20c>
 37c:	a311      	tmovs	r3, #17
 37e:	0641      	tmov	r1, r8
 380:	414b      	tstorerb	r3, [r1, #5]
 382:	0b20      	tloadr	r3, [pc, #128]	; (404 <IRQ_STK_SIZE+0x284>)
 384:	281b      	tloadrh	r3, [r3, #0]
 386:	0642      	tmov	r2, r8
 388:	20d3      	tstorerh	r3, [r2, #6]
 38a:	8764      	tj.n	256 <IRQ_STK_SIZE+0xd6>
 38c:	0653      	tmov	r3, sl
 38e:	28d8      	tloadrh	r0, [r3, #6]
 390:	9000 99de 	tjl	750 <flash_write_status>
 394:	875f      	tj.n	256 <IRQ_STK_SIZE+0xd6>
 396:	a220      	tmovs	r2, #32
 398:	0b1b      	tloadr	r3, [pc, #108]	; (408 <IRQ_STK_SIZE+0x288>)
 39a:	401a      	tstorerb	r2, [r3, #0]
 39c:	875b      	tj.n	256 <IRQ_STK_SIZE+0xd6>
 39e:	46c0      	tnop			; (mov r8, r8)
 3a0:	00800643 	taddeq	r0, r0, r3, asr #12
 3a4:	00800060 	taddeq	r0, r0, r0, rrx
 3a8:	00800c20 	taddeq	r0, r0, r0, lsr #24
 3ac:	00003007 	tandeq	r3, r0, r7
 3b0:	00800064 	taddeq	r0, r0, r4, rrx
 3b4:	0080074f 	taddeq	r0, r0, pc, asr #14
 3b8:	1037800c 	txorsne	r8, r7, ip
 3bc:	00800094 	umulleq	r0, r0, r4, r0
 3c0:	0080009a 	umulleq	r0, r0, sl, r0
 3c4:	0084151c 	taddeq	r1, r4, ip, lsl r5
 3c8:	01410000 	tcmpeq	r1, r0
 3cc:	00800c00 	taddeq	r0, r0, r0, lsl #24
 3d0:	00841108 	taddeq	r1, r4, r8, lsl #2
 3d4:	00800c04 	taddeq	r0, r0, r4, lsl #24
 3d8:	04040404 	tstorereq	r0, [r4], #-1028	; 0x404
 3dc:	00800c40 	taddeq	r0, r0, r0, asr #24
 3e0:	00000303 	tandeq	r0, r0, r3, lsl #6
 3e4:	00800586 	taddeq	r0, r0, r6, lsl #11
 3e8:	008005aa 	taddeq	r0, r0, sl, lsr #11
 3ec:	00800c24 	taddeq	r0, r0, r4, lsr #24
 3f0:	00800c26 	taddeq	r0, r0, r6, lsr #24
 3f4:	00841520 	taddeq	r1, r4, r0, lsr #10
 3f8:	00000790 	tmuleq	r0, r0, r7
 3fc:	0084110d 	taddeq	r1, r4, sp, lsl #2
 400:	00000404 	tandeq	r0, r0, r4, lsl #8
 404:	0080007e 	taddeq	r0, r0, lr, ror r0
 408:	0080006f 	taddeq	r0, r0, pc, rrx

0000040c <crcInit>:
crcInit():
 40c:	6570      	tpush	{r4, r5, r6, lr}
 40e:	0c11      	tloadr	r4, [pc, #68]	; (454 <crcInit+0x48>)
 410:	a000      	tmovs	r0, #0
 412:	0d11      	tloadr	r5, [pc, #68]	; (458 <crcInit+0x4c>)
 414:	a680      	tmovs	r6, #128	; 0x80
 416:	f076      	tshftls	r6, r6, #1
 418:	f603      	tshftls	r3, r0, #24
 41a:	fc1b      	tshftrs	r3, r3, #16
 41c:	a208      	tmovs	r2, #8
 41e:	8006      	tj.n	42e <crcInit+0x22>
 420:	f45b      	tshftls	r3, r3, #17
 422:	fc1b      	tshftrs	r3, r3, #16
 424:	ba01      	tsubs	r2, #1
 426:	f612      	tshftls	r2, r2, #24
 428:	fe12      	tshftrs	r2, r2, #24
 42a:	aa00      	tcmp	r2, #0
 42c:	c00b      	tjeq.n	446 <crcInit+0x3a>
 42e:	f419      	tshftls	r1, r3, #16
 430:	a900      	tcmp	r1, #0
 432:	caf5      	tjge.n	420 <crcInit+0x14>
 434:	f05b      	tshftls	r3, r3, #1
 436:	006b      	txors	r3, r5
 438:	f41b      	tshftls	r3, r3, #16
 43a:	fc1b      	tshftrs	r3, r3, #16
 43c:	ba01      	tsubs	r2, #1
 43e:	f612      	tshftls	r2, r2, #24
 440:	fe12      	tshftrs	r2, r2, #24
 442:	aa00      	tcmp	r2, #0
 444:	c1f3      	tjne.n	42e <crcInit+0x22>
 446:	2023      	tstorerh	r3, [r4, #0]
 448:	b001      	tadds	r0, #1
 44a:	b402      	tadds	r4, #2
 44c:	02b0      	tcmp	r0, r6
 44e:	c1e3      	tjne.n	418 <crcInit+0xc>
 450:	6d70      	tpop	{r4, r5, r6, pc}
 452:	46c0      	tnop			; (mov r8, r8)
 454:	0084192c 	taddeq	r1, r4, ip, lsr #18
 458:	ffff8005 	undefined instruction 0xffff8005

0000045c <crcFast>:
crcFast():
 45c:	65f0      	tpush	{r4, r5, r6, r7, lr}
 45e:	0647      	tmov	r7, r8
 460:	6480      	tpush	{r7}
 462:	068c      	tmov	ip, r1
 464:	a300      	tmovs	r3, #0
 466:	059c      	tcmp	ip, r3
 468:	cd2f      	tjle.n	4ca <crcFast+0x6e>
 46a:	a700      	tmovs	r7, #0
 46c:	0918      	tloadr	r1, [pc, #96]	; (4d0 <crcFast+0x74>)
 46e:	0b19      	tloadr	r3, [pc, #100]	; (4d4 <crcFast+0x78>)
 470:	0698      	tmov	r8, r3
 472:	a401      	tmovs	r4, #1
 474:	1dc2      	tloadrb	r2, [r0, r7]
 476:	a307      	tmovs	r3, #7
 478:	a500      	tmovs	r5, #0
 47a:	8000      	tj.n	47e <crcFast+0x22>
 47c:	f852      	tshftrs	r2, r2, #1
 47e:	0214      	tnand	r4, r2
 480:	c002      	tjeq.n	488 <crcFast+0x2c>
 482:	ec26      	tadds	r6, r4, #0
 484:	009e      	tshftls	r6, r3
 486:	0335      	tors	r5, r6
 488:	bb01      	tsubs	r3, #1
 48a:	c2f7      	tjcs.n	47c <crcFast+0x20>
 48c:	fa0b      	tshftrs	r3, r1, #8
 48e:	005d      	txors	r5, r3
 490:	f62d      	tshftls	r5, r5, #24
 492:	fded      	tshftrs	r5, r5, #23
 494:	f20a      	tshftls	r2, r1, #8
 496:	0643      	tmov	r3, r8
 498:	1b59      	tloadrh	r1, [r3, r5]
 49a:	004a      	txors	r2, r1
 49c:	f412      	tshftls	r2, r2, #16
 49e:	fc11      	tshftrs	r1, r2, #16
 4a0:	b701      	tadds	r7, #1
 4a2:	0567      	tcmp	r7, ip
 4a4:	c1e6      	tjne.n	474 <crcFast+0x18>
 4a6:	ec0a      	tadds	r2, r1, #0
 4a8:	a30f      	tmovs	r3, #15
 4aa:	a000      	tmovs	r0, #0
 4ac:	a101      	tmovs	r1, #1
 4ae:	8000      	tj.n	4b2 <crcFast+0x56>
 4b0:	f852      	tshftrs	r2, r2, #1
 4b2:	0211      	tnand	r1, r2
 4b4:	c002      	tjeq.n	4bc <crcFast+0x60>
 4b6:	ec0c      	tadds	r4, r1, #0
 4b8:	009c      	tshftls	r4, r3
 4ba:	0320      	tors	r0, r4
 4bc:	bb01      	tsubs	r3, #1
 4be:	c2f7      	tjcs.n	4b0 <crcFast+0x54>
 4c0:	f400      	tshftls	r0, r0, #16
 4c2:	fc00      	tshftrs	r0, r0, #16
 4c4:	6c04      	tpop	{r2}
 4c6:	0690      	tmov	r8, r2
 4c8:	6df0      	tpop	{r4, r5, r6, r7, pc}
 4ca:	0a01      	tloadr	r2, [pc, #4]	; (4d0 <crcFast+0x74>)
 4cc:	87ec      	tj.n	4a8 <crcFast+0x4c>
 4ce:	46c0      	tnop			; (mov r8, r8)
 4d0:	0000ffff 	undefined instruction 0x0000ffff
 4d4:	0084192c 	taddeq	r1, r4, ip, lsr #18

000004d8 <sleep_us>:
sleep_us():
 4d8:	0a03      	tloadr	r2, [pc, #12]	; (4e8 <sleep_us+0x10>)
 4da:	5811      	tloadr	r1, [r2, #0]
 4dc:	f100      	tshftls	r0, r0, #4
 4de:	5813      	tloadr	r3, [r2, #0]
 4e0:	ea5b      	tsubs	r3, r3, r1
 4e2:	0298      	tcmp	r0, r3
 4e4:	c2fb      	tjcs.n	4de <sleep_us+0x6>
 4e6:	0770      	tjex	lr
 4e8:	00800740 	taddeq	r0, r0, r0, asr #14

000004ec <analog_read>:
analog_read():
 4ec:	f600      	tshftls	r0, r0, #24
 4ee:	fe00      	tshftrs	r0, r0, #24
 4f0:	0b06      	tloadr	r3, [pc, #24]	; (50c <analog_read+0x20>)
 4f2:	4018      	tstorerb	r0, [r3, #0]
 4f4:	0906      	tloadr	r1, [pc, #24]	; (510 <analog_read+0x24>)
 4f6:	a340      	tmovs	r3, #64	; 0x40
 4f8:	400b      	tstorerb	r3, [r1, #0]
 4fa:	a201      	tmovs	r2, #1
 4fc:	480b      	tloadrb	r3, [r1, #0]
 4fe:	0013      	tands	r3, r2
 500:	c1fc      	tjne.n	4fc <analog_read+0x10>
 502:	0a04      	tloadr	r2, [pc, #16]	; (514 <analog_read+0x28>)
 504:	4810      	tloadrb	r0, [r2, #0]
 506:	b201      	tadds	r2, #1
 508:	4013      	tstorerb	r3, [r2, #0]
 50a:	0770      	tjex	lr
 50c:	008000b8 	tstorerheq	r0, [r0], r8
 510:	008000ba 	tstorerheq	r0, [r0], sl
 514:	008000b9 	tstorerheq	r0, [r0], r9

00000518 <analog_write>:
analog_write():
 518:	f600      	tshftls	r0, r0, #24
 51a:	fe00      	tshftrs	r0, r0, #24
 51c:	f609      	tshftls	r1, r1, #24
 51e:	fe09      	tshftrs	r1, r1, #24
 520:	0b06      	tloadr	r3, [pc, #24]	; (53c <analog_write+0x24>)
 522:	4018      	tstorerb	r0, [r3, #0]
 524:	b301      	tadds	r3, #1
 526:	4019      	tstorerb	r1, [r3, #0]
 528:	0905      	tloadr	r1, [pc, #20]	; (540 <analog_write+0x28>)
 52a:	a360      	tmovs	r3, #96	; 0x60
 52c:	400b      	tstorerb	r3, [r1, #0]
 52e:	a201      	tmovs	r2, #1
 530:	480b      	tloadrb	r3, [r1, #0]
 532:	0013      	tands	r3, r2
 534:	c1fc      	tjne.n	530 <analog_write+0x18>
 536:	0a02      	tloadr	r2, [pc, #8]	; (540 <analog_write+0x28>)
 538:	4013      	tstorerb	r3, [r2, #0]
 53a:	0770      	tjex	lr
 53c:	008000b8 	tstorerheq	r0, [r0], r8
 540:	008000ba 	tstorerheq	r0, [r0], sl

00000544 <flash_send_addr>:
flash_send_addr():
 544:	f202      	tshftls	r2, r0, #8
 546:	fe12      	tshftrs	r2, r2, #24
 548:	0b0c      	tloadr	r3, [pc, #48]	; (57c <flash_send_addr+0x38>)
 54a:	401a      	tstorerb	r2, [r3, #0]
 54c:	090c      	tloadr	r1, [pc, #48]	; (580 <flash_send_addr+0x3c>)
 54e:	a210      	tmovs	r2, #16
 550:	480b      	tloadrb	r3, [r1, #0]
 552:	021a      	tnand	r2, r3
 554:	c1fc      	tjne.n	550 <flash_send_addr+0xc>
 556:	f402      	tshftls	r2, r0, #16
 558:	fe12      	tshftrs	r2, r2, #24
 55a:	0b08      	tloadr	r3, [pc, #32]	; (57c <flash_send_addr+0x38>)
 55c:	401a      	tstorerb	r2, [r3, #0]
 55e:	0908      	tloadr	r1, [pc, #32]	; (580 <flash_send_addr+0x3c>)
 560:	a210      	tmovs	r2, #16
 562:	480b      	tloadrb	r3, [r1, #0]
 564:	021a      	tnand	r2, r3
 566:	c1fc      	tjne.n	562 <flash_send_addr+0x1e>
 568:	f600      	tshftls	r0, r0, #24
 56a:	fe00      	tshftrs	r0, r0, #24
 56c:	0b03      	tloadr	r3, [pc, #12]	; (57c <flash_send_addr+0x38>)
 56e:	4018      	tstorerb	r0, [r3, #0]
 570:	0903      	tloadr	r1, [pc, #12]	; (580 <flash_send_addr+0x3c>)
 572:	a210      	tmovs	r2, #16
 574:	480b      	tloadrb	r3, [r1, #0]
 576:	021a      	tnand	r2, r3
 578:	c1fc      	tjne.n	574 <flash_send_addr+0x30>
 57a:	0770      	tjex	lr
 57c:	0080000c 	taddeq	r0, r0, ip
 580:	0080000d 	taddeq	r0, r0, sp

00000584 <flash_send_cmd>:
flash_send_cmd():
 584:	6530      	tpush	{r4, r5, lr}
 586:	ec05      	tadds	r5, r0, #0
 588:	0c07      	tloadr	r4, [pc, #28]	; (5a8 <flash_send_cmd+0x24>)
 58a:	a301      	tmovs	r3, #1
 58c:	4023      	tstorerb	r3, [r4, #0]
 58e:	a001      	tmovs	r0, #1
 590:	97ff 9fa2 	tjl	4d8 <sleep_us>
 594:	a300      	tmovs	r3, #0
 596:	4023      	tstorerb	r3, [r4, #0]
 598:	0b04      	tloadr	r3, [pc, #16]	; (5ac <flash_send_cmd+0x28>)
 59a:	401d      	tstorerb	r5, [r3, #0]
 59c:	a210      	tmovs	r2, #16
 59e:	4823      	tloadrb	r3, [r4, #0]
 5a0:	021a      	tnand	r2, r3
 5a2:	c1fc      	tjne.n	59e <flash_send_cmd+0x1a>
 5a4:	6d30      	tpop	{r4, r5, pc}
 5a6:	46c0      	tnop			; (mov r8, r8)
 5a8:	0080000d 	taddeq	r0, r0, sp
 5ac:	0080000c 	taddeq	r0, r0, ip

000005b0 <flash_wait_done>:
flash_wait_done():
 5b0:	6570      	tpush	{r4, r5, r6, lr}
 5b2:	a064      	tmovs	r0, #100	; 0x64
 5b4:	97ff 9f90 	tjl	4d8 <sleep_us>
 5b8:	a005      	tmovs	r0, #5
 5ba:	97ff 9fe3 	tjl	584 <flash_send_cmd>
 5be:	080a      	tloadr	r0, [pc, #40]	; (5e8 <flash_wait_done+0x38>)
 5c0:	0c0a      	tloadr	r4, [pc, #40]	; (5ec <flash_wait_done+0x3c>)
 5c2:	a600      	tmovs	r6, #0
 5c4:	090a      	tloadr	r1, [pc, #40]	; (5f0 <flash_wait_done+0x40>)
 5c6:	a210      	tmovs	r2, #16
 5c8:	a501      	tmovs	r5, #1
 5ca:	4026      	tstorerb	r6, [r4, #0]
 5cc:	480b      	tloadrb	r3, [r1, #0]
 5ce:	021a      	tnand	r2, r3
 5d0:	c1fc      	tjne.n	5cc <flash_wait_done+0x1c>
 5d2:	4823      	tloadrb	r3, [r4, #0]
 5d4:	021d      	tnand	r5, r3
 5d6:	c002      	tjeq.n	5de <flash_wait_done+0x2e>
 5d8:	b801      	tsubs	r0, #1
 5da:	a800      	tcmp	r0, #0
 5dc:	c1f5      	tjne.n	5ca <flash_wait_done+0x1a>
 5de:	a201      	tmovs	r2, #1
 5e0:	0b03      	tloadr	r3, [pc, #12]	; (5f0 <flash_wait_done+0x40>)
 5e2:	401a      	tstorerb	r2, [r3, #0]
 5e4:	6d70      	tpop	{r4, r5, r6, pc}
 5e6:	46c0      	tnop			; (mov r8, r8)
 5e8:	00989680 	taddseq	r9, r8, r0, lsl #13
 5ec:	0080000c 	taddeq	r0, r0, ip
 5f0:	0080000d 	taddeq	r0, r0, sp

000005f4 <flash_erase_all>:
flash_erase_all():
 5f4:	6500      	tpush	{lr}
 5f6:	a208      	tmovs	r2, #8
 5f8:	0b06      	tloadr	r3, [pc, #24]	; (614 <flash_erase_all+0x20>)
 5fa:	401a      	tstorerb	r2, [r3, #0]
 5fc:	a006      	tmovs	r0, #6
 5fe:	97ff 9fc1 	tjl	584 <flash_send_cmd>
 602:	a060      	tmovs	r0, #96	; 0x60
 604:	97ff 9fbe 	tjl	584 <flash_send_cmd>
 608:	a201      	tmovs	r2, #1
 60a:	0b03      	tloadr	r3, [pc, #12]	; (618 <flash_erase_all+0x24>)
 60c:	401a      	tstorerb	r2, [r3, #0]
 60e:	97ff 9fcf 	tjl	5b0 <flash_wait_done>
 612:	6d00      	tpop	{pc}
 614:	00800623 	taddeq	r0, r0, r3, lsr #12
 618:	0080000d 	taddeq	r0, r0, sp

0000061c <flash_erase_sector>:
flash_erase_sector():
 61c:	6510      	tpush	{r4, lr}
 61e:	ec04      	tadds	r4, r0, #0
 620:	a208      	tmovs	r2, #8
 622:	0b08      	tloadr	r3, [pc, #32]	; (644 <flash_erase_sector+0x28>)
 624:	401a      	tstorerb	r2, [r3, #0]
 626:	a006      	tmovs	r0, #6
 628:	97ff 9fac 	tjl	584 <flash_send_cmd>
 62c:	a020      	tmovs	r0, #32
 62e:	97ff 9fa9 	tjl	584 <flash_send_cmd>
 632:	ec20      	tadds	r0, r4, #0
 634:	97ff 9f86 	tjl	544 <flash_send_addr>
 638:	a201      	tmovs	r2, #1
 63a:	0b03      	tloadr	r3, [pc, #12]	; (648 <flash_erase_sector+0x2c>)
 63c:	401a      	tstorerb	r2, [r3, #0]
 63e:	97ff 9fb7 	tjl	5b0 <flash_wait_done>
 642:	6d10      	tpop	{r4, pc}
 644:	00800623 	taddeq	r0, r0, r3, lsr #12
 648:	0080000d 	taddeq	r0, r0, sp

0000064c <flash_write_page>:
flash_write_page():
 64c:	6570      	tpush	{r4, r5, r6, lr}
 64e:	ec06      	tadds	r6, r0, #0
 650:	ec0c      	tadds	r4, r1, #0
 652:	ec15      	tadds	r5, r2, #0
 654:	a006      	tmovs	r0, #6
 656:	97ff 9f95 	tjl	584 <flash_send_cmd>
 65a:	a002      	tmovs	r0, #2
 65c:	97ff 9f92 	tjl	584 <flash_send_cmd>
 660:	ec30      	tadds	r0, r6, #0
 662:	97ff 9f6f 	tjl	544 <flash_send_addr>
 666:	ac00      	tcmp	r4, #0
 668:	c00b      	tjeq.n	682 <flash_write_page+0x36>
 66a:	a000      	tmovs	r0, #0
 66c:	0e08      	tloadr	r6, [pc, #32]	; (690 <flash_write_page+0x44>)
 66e:	0909      	tloadr	r1, [pc, #36]	; (694 <flash_write_page+0x48>)
 670:	a210      	tmovs	r2, #16
 672:	1c2b      	tloadrb	r3, [r5, r0]
 674:	4033      	tstorerb	r3, [r6, #0]
 676:	480b      	tloadrb	r3, [r1, #0]
 678:	021a      	tnand	r2, r3
 67a:	c1fc      	tjne.n	676 <flash_write_page+0x2a>
 67c:	b001      	tadds	r0, #1
 67e:	0284      	tcmp	r4, r0
 680:	c8f7      	tjhi.n	672 <flash_write_page+0x26>
 682:	a201      	tmovs	r2, #1
 684:	0b03      	tloadr	r3, [pc, #12]	; (694 <flash_write_page+0x48>)
 686:	401a      	tstorerb	r2, [r3, #0]
 688:	97ff 9f92 	tjl	5b0 <flash_wait_done>
 68c:	6d70      	tpop	{r4, r5, r6, pc}
 68e:	46c0      	tnop			; (mov r8, r8)
 690:	0080000c 	taddeq	r0, r0, ip
 694:	0080000d 	taddeq	r0, r0, sp

00000698 <flash_read_page>:
flash_read_page():
 698:	6570      	tpush	{r4, r5, r6, lr}
 69a:	ec06      	tadds	r6, r0, #0
 69c:	ec0c      	tadds	r4, r1, #0
 69e:	ec15      	tadds	r5, r2, #0
 6a0:	a003      	tmovs	r0, #3
 6a2:	97ff 9f6f 	tjl	584 <flash_send_cmd>
 6a6:	ec30      	tadds	r0, r6, #0
 6a8:	97ff 9f4c 	tjl	544 <flash_send_addr>
 6ac:	a200      	tmovs	r2, #0
 6ae:	0b10      	tloadr	r3, [pc, #64]	; (6f0 <flash_read_page+0x58>)
 6b0:	401a      	tstorerb	r2, [r3, #0]
 6b2:	0810      	tloadr	r0, [pc, #64]	; (6f4 <flash_read_page+0x5c>)
 6b4:	a110      	tmovs	r1, #16
 6b6:	0a0f      	tloadr	r2, [pc, #60]	; (6f4 <flash_read_page+0x5c>)
 6b8:	4803      	tloadrb	r3, [r0, #0]
 6ba:	0219      	tnand	r1, r3
 6bc:	c1fb      	tjne.n	6b6 <flash_read_page+0x1e>
 6be:	a30a      	tmovs	r3, #10
 6c0:	4013      	tstorerb	r3, [r2, #0]
 6c2:	a110      	tmovs	r1, #16
 6c4:	4813      	tloadrb	r3, [r2, #0]
 6c6:	0219      	tnand	r1, r3
 6c8:	c1fc      	tjne.n	6c4 <flash_read_page+0x2c>
 6ca:	ac00      	tcmp	r4, #0
 6cc:	c00b      	tjeq.n	6e6 <flash_read_page+0x4e>
 6ce:	a000      	tmovs	r0, #0
 6d0:	0e07      	tloadr	r6, [pc, #28]	; (6f0 <flash_read_page+0x58>)
 6d2:	0908      	tloadr	r1, [pc, #32]	; (6f4 <flash_read_page+0x5c>)
 6d4:	a210      	tmovs	r2, #16
 6d6:	4833      	tloadrb	r3, [r6, #0]
 6d8:	142b      	tstorerb	r3, [r5, r0]
 6da:	480b      	tloadrb	r3, [r1, #0]
 6dc:	021a      	tnand	r2, r3
 6de:	c1fc      	tjne.n	6da <flash_read_page+0x42>
 6e0:	b001      	tadds	r0, #1
 6e2:	0284      	tcmp	r4, r0
 6e4:	c8f7      	tjhi.n	6d6 <flash_read_page+0x3e>
 6e6:	a201      	tmovs	r2, #1
 6e8:	0b02      	tloadr	r3, [pc, #8]	; (6f4 <flash_read_page+0x5c>)
 6ea:	401a      	tstorerb	r2, [r3, #0]
 6ec:	6d70      	tpop	{r4, r5, r6, pc}
 6ee:	46c0      	tnop			; (mov r8, r8)
 6f0:	0080000c 	taddeq	r0, r0, ip
 6f4:	0080000d 	taddeq	r0, r0, sp

000006f8 <flash_get_jedec_id>:
flash_get_jedec_id():
 6f8:	6510      	tpush	{r4, lr}
 6fa:	ec04      	tadds	r4, r0, #0
 6fc:	a09f      	tmovs	r0, #159	; 0x9f
 6fe:	97ff 9f41 	tjl	584 <flash_send_cmd>
 702:	a200      	tmovs	r2, #0
 704:	0b10      	tloadr	r3, [pc, #64]	; (748 <flash_get_jedec_id+0x50>)
 706:	401a      	tstorerb	r2, [r3, #0]
 708:	0910      	tloadr	r1, [pc, #64]	; (74c <flash_get_jedec_id+0x54>)
 70a:	a210      	tmovs	r2, #16
 70c:	480b      	tloadrb	r3, [r1, #0]
 70e:	0013      	tands	r3, r2
 710:	c1fc      	tjne.n	70c <flash_get_jedec_id+0x14>
 712:	0a0d      	tloadr	r2, [pc, #52]	; (748 <flash_get_jedec_id+0x50>)
 714:	4811      	tloadrb	r1, [r2, #0]
 716:	4021      	tstorerb	r1, [r4, #0]
 718:	ec60      	tadds	r0, r4, #1
 71a:	4013      	tstorerb	r3, [r2, #0]
 71c:	090b      	tloadr	r1, [pc, #44]	; (74c <flash_get_jedec_id+0x54>)
 71e:	a210      	tmovs	r2, #16
 720:	480b      	tloadrb	r3, [r1, #0]
 722:	0013      	tands	r3, r2
 724:	c1fc      	tjne.n	720 <flash_get_jedec_id+0x28>
 726:	0a08      	tloadr	r2, [pc, #32]	; (748 <flash_get_jedec_id+0x50>)
 728:	4811      	tloadrb	r1, [r2, #0]
 72a:	4061      	tstorerb	r1, [r4, #1]
 72c:	4013      	tstorerb	r3, [r2, #0]
 72e:	0907      	tloadr	r1, [pc, #28]	; (74c <flash_get_jedec_id+0x54>)
 730:	a210      	tmovs	r2, #16
 732:	480b      	tloadrb	r3, [r1, #0]
 734:	021a      	tnand	r2, r3
 736:	c1fc      	tjne.n	732 <flash_get_jedec_id+0x3a>
 738:	0b03      	tloadr	r3, [pc, #12]	; (748 <flash_get_jedec_id+0x50>)
 73a:	481b      	tloadrb	r3, [r3, #0]
 73c:	4043      	tstorerb	r3, [r0, #1]
 73e:	a201      	tmovs	r2, #1
 740:	0b02      	tloadr	r3, [pc, #8]	; (74c <flash_get_jedec_id+0x54>)
 742:	401a      	tstorerb	r2, [r3, #0]
 744:	6d10      	tpop	{r4, pc}
 746:	46c0      	tnop			; (mov r8, r8)
 748:	0080000c 	taddeq	r0, r0, ip
 74c:	0080000d 	taddeq	r0, r0, sp

00000750 <flash_write_status>:
flash_write_status():
 750:	6510      	tpush	{r4, lr}
 752:	ec04      	tadds	r4, r0, #0
 754:	a208      	tmovs	r2, #8
 756:	0b0b      	tloadr	r3, [pc, #44]	; (784 <flash_write_status+0x34>)
 758:	401a      	tstorerb	r2, [r3, #0]
 75a:	a006      	tmovs	r0, #6
 75c:	97ff 9f12 	tjl	584 <flash_send_cmd>
 760:	a001      	tmovs	r0, #1
 762:	97ff 9f0f 	tjl	584 <flash_send_cmd>
 766:	f624      	tshftls	r4, r4, #24
 768:	fe24      	tshftrs	r4, r4, #24
 76a:	0b07      	tloadr	r3, [pc, #28]	; (788 <flash_write_status+0x38>)
 76c:	401c      	tstorerb	r4, [r3, #0]
 76e:	0907      	tloadr	r1, [pc, #28]	; (78c <flash_write_status+0x3c>)
 770:	a210      	tmovs	r2, #16
 772:	480b      	tloadrb	r3, [r1, #0]
 774:	021a      	tnand	r2, r3
 776:	c1fc      	tjne.n	772 <flash_write_status+0x22>
 778:	a201      	tmovs	r2, #1
 77a:	0b04      	tloadr	r3, [pc, #16]	; (78c <flash_write_status+0x3c>)
 77c:	401a      	tstorerb	r2, [r3, #0]
 77e:	97ff 9f17 	tjl	5b0 <flash_wait_done>
 782:	6d10      	tpop	{r4, pc}
 784:	00800623 	taddeq	r0, r0, r3, lsr #12
 788:	0080000c 	taddeq	r0, r0, ip
 78c:	0080000d 	taddeq	r0, r0, sp

Disassembly of section .rodata:

00000790 <_end_data_-0x840970>:
 790:	00000370 	tandeq	r0, r0, r0, ror r3
 794:	0000031a 	tandeq	r0, r0, sl, lsl r3
 798:	0000034c 	tandeq	r0, r0, ip, asr #6
 79c:	00000314 	tandeq	r0, r0, r4, lsl r3
 7a0:	0000030a 	tandeq	r0, r0, sl, lsl #6
 7a4:	00000302 	tandeq	r0, r0, r2, lsl #6

Disassembly of section .bss:

00841100 <MCU_PROD_ID>:
_start_bss_():
  841100:	00000000 	tandeq	r0, r0, r0

00841104 <MCU_PROD__TID>:
  841104:	00000000 	tandeq	r0, r0, r0

00841108 <utxb>:
	...

00841518 <MCU_PROD__ID>:
  841518:	00000000 	tandeq	r0, r0, r0

0084151c <urxb>:
	...

0084192c <crcTable>:
	...

Disassembly of section .comment:

00000000 <.comment>:
   0:	3a434347 	tjcc	10d0d24 <_end_bss_+0x88f1f8>
   4:	4e472820 	undefined instruction 0x4e472820
   8:	34202955 	tstorertcc	r2, [r0], #-2389	; 0x955
   c:	312e352e 	teqcc	lr, lr, lsr #10
  10:	3363742d 	tcmpncc	r3, #754974720	; 0x2d000000
  14:	2e312d32 	undefined instruction 0x2e312d32
  18:	Address 0x00000018 is out of bounds.


Disassembly of section .TC32.attributes:

00000000 <.TC32.attributes>:
   0:	00000f41 	tandeq	r0, r0, r1, asr #30
   4:	61656100 	tcmpnvs	r5, r0, lsl #2
   8:	01006962 	tnandeq	r0, r2, ror #18
   c:	00000005 	tandeq	r0, r0, r5
